ets Jul 29 2019 1ï¿½ets Jul 29 2019 12:21:46

rst:0x1 (POWERON_RESET),boot:0x13 (SPI_FAST_FLASH_BOOT)
configsip: 0, SPIWP:0xee
clk_drv:0x00,q_drv:0x00,d_drv:0x00,cs0_drv:0x00,hd_drv:0x00,wp_drv:0x00
mode:DIO, clock div:1
load:0x3fff0030,len:7524
load:0x40078000,len:16552
load:0x40080400,len:4
load:0x40080404,len:4312
entry 0x4008065c
[0;32mI (29) boot: ESP-IDF v5.4-dev-610-g003f3bb5dc 2nd stage bootloader[0m
[0;32mI (29) boot: compile time May 29 2024 14:49:31[0m
[0;32mI (31) boot: Multicore bootloader[0m
[0;32mI (35) boot: chip revision: v3.1[0m
[0;32mI (39) qio_mode: Enabling default flash chip QIO[0m
[0;32mI (44) boot.esp32: SPI Speed      : 80MHz[0m
[0;32mI (49) boot.esp32: SPI Mode       : QIO[0m
[0;32mI (53) boot.esp32: SPI Flash Size : 4MB[0m
[0;32mI (58) boot: Enabling RNG early entropy source...[0m
[0;32mI (63) boot: Partition Table:[0m
[0;32mI (67) boot: ## Label            Usage          Type ST Offset   Length[0m
[0;32mI (74) boot:  0 nvs              WiFi data        01 02 00009000 00006000[0m
[0;32mI (82) boot:  1 phy_init         RF data          01 01 0000f000 00001000[0m
[0;32mI (89) boot:  2 factory          factory app      00 00 00010000 00180000[0m
[0;32mI (97) boot: End of partition table[0m
[0;32mI (101) esp_image: segment 0: paddr=00010020 vaddr=3f400020 size=17a3ch ( 96828) map[0m
[0;32mI (134) esp_image: segment 1: paddr=00027a64 vaddr=3ffb0000 size=022a4h (  8868) load[0m
[0;32mI (137) esp_image: segment 2: paddr=00029d10 vaddr=40080000 size=06308h ( 25352) load[0m
[0;32mI (148) esp_image: segment 3: paddr=00030020 vaddr=400d0020 size=341d4h (213460) map[0m
[0;32mI (203) esp_image: segment 4: paddr=000641fc vaddr=40086308 size=0a008h ( 40968) load[0m
[0;32mI (224) boot: Loaded app from partition at offset 0x10000[0m
[0;32mI (224) boot: Disabling RNG early entropy source...[0m
[0;32mI (236) quad_psram: This chip is ESP32-D0WD[0m
[0;32mI (236) esp_psram: Found 8MB PSRAM device[0m
[0;32mI (236) esp_psram: Speed: 80MHz[0m
[0;32mI (238) esp_psram: PSRAM initialized, cache is in low/high (2-core) mode.[0m
[0;33mW (245) esp_psram: Virtual address not enough for PSRAM, map as much as we can. 4MB is mapped[0m
[0;32mI (254) cpu_start: Multicore app[0m
[0;32mI (725) esp_psram: SPI SRAM memory test OK[0m
[0;32mI (733) cpu_start: Pro cpu start user code[0m
[0;32mI (733) cpu_start: cpu freq: 240000000 Hz[0m
[0;32mI (733) app_init: Application information:[0m
[0;32mI (736) app_init: Project name:     person_detection[0m
[0;32mI (742) app_init: App version:      1[0m
[0;32mI (746) app_init: Compile time:     May 29 2024 14:49:24[0m
[0;32mI (752) app_init: ELF file SHA256:  7e4045b78...[0m
[0;32mI (757) app_init: ESP-IDF:          v5.4-dev-610-g003f3bb5dc[0m
[0;32mI (764) efuse_init: Min chip rev:     v0.0[0m
[0;32mI (768) efuse_init: Max chip rev:     v3.99 [0m
[0;32mI (773) efuse_init: Chip rev:         v3.1[0m
[0;32mI (778) heap_init: Initializing. RAM available for dynamic allocation:[0m
[0;32mI (785) heap_init: At 3FFAE6E0 len 00001920 (6 KiB): DRAM[0m
[0;32mI (791) heap_init: At 3FFB3090 len 0002CF70 (179 KiB): DRAM[0m
[0;32mI (798) heap_init: At 3FFE0440 len 00003AE0 (14 KiB): D/IRAM[0m
[0;32mI (804) heap_init: At 3FFE4350 len 0001BCB0 (111 KiB): D/IRAM[0m
[0;32mI (810) heap_init: At 40090310 len 0000FCF0 (63 KiB): IRAM[0m
[0;32mI (817) esp_psram: Adding pool of 4096K of PSRAM memory to heap allocator[0m
[0;32mI (825) spi_flash: detected chip: generic[0m
[0;32mI (829) spi_flash: flash io: qio[0m
[0;32mI (833) main_task: Started on CPU0[0m
[0;32mI (843) main_task: Calling app_main()[0m

abort() was called at PC 0x400e4cc8 on core 0


Backtrace: 0x40081e59:0x3ffb6670 0x40088f81:0x3ffb6690 0x4008eb21:0x3ffb66b0 0x400e4cc8:0x3ffb6720 0x400e6dce:0x3ffb6740 0x400e327a:0x3ffb67b0 0x400dd1c7:0x3ffb67f0 0x400dcc9c:0x3ffb6820 0x400d98c3:0x3ffb6850 0x400d93bf:0x3ffb68a0




ELF file SHA256: 7e4045b78

Rebooting...
ets Jul 29 2019 12:21:46

rst:0xc (SW_CPU_RESET),boot:0x13 (SPI_FAST_FLASH_BOOT)
configsip: 0, SPIWP:0xee
clk_drv:0x00,q_drv:0x00,d_drv:0x00,cs0_drv:0x00,hd_drv:0x00,wp_drv:0x00
mode:DIO, clock div:1
load:0x3fff0030,len:7524
load:0x40078000,len:16552
load:0x40080400,len:4
load:0x40080404,len:4312
entry 0x4008065c
[0;32mI (29) boot: ESP-IDF v5.4-dev-610-g003f3bb5dc 2nd stage bootloader[0m
[0;32mI (29) boot: compile time May 29 2024 14:49:31[0m
[0;32mI (31) boot: Multicore bootloader[0m
[0;32mI (35) boot: chip revision: v3.1[0m
[0;32mI (39) qio_mode: Enabling default flash chip QIO[0m
[0;32mI (44) boot.esp32: SPI Speed      : 80MHz[0m
[0;32mI (49) boot.esp32: SPI Mode       : QIO[0m
[0;32mI (53) boot.esp32: SPI Flash Size : 4MB[0m
[0;32mI (58) boot: Enabling RNG early entropy source...[0m
[0;32mI (63) boot: Partition Table:[0m
[0;32mI (67) boot: ## Label            Usage          Type ST Offset   Length[0m
[0;32mI (74) boot:  0 nvs              WiFi data        01 02 00009000 00006000[0m
[0;32mI (82) boot:  1 phy_init         RF data          01 01 0000f000 00001000[0m
[0;32mI (89) boot:  2 factory          factory app      00 00 00010000 00180000[0m
[0;32mI (97) boot: End of partition table[0m
[0;32mI (101) esp_image: segment 0: paddr=00010020 vaddr=3f400020 size=17a3ch ( 96828) map[0m
[0;32mI (134) esp_image: segment 1: paddr=00027a64 vaddr=3ffb0000 size=022a4h (  8868) load[0m
[0;32mI (137) esp_image: segment 2: paddr=00029d10 vaddr=40080000 size=06308h ( 25352) load[0m
[0;32mI (148) esp_image: segment 3: paddr=00030020 vaddr=400d0020 size=341d4h (213460) map[0m
[0;32mI (203) esp_image: segment 4: paddr=000641fc vaddr=40086308 size=0a008h ( 40968) load[0m
[0;32mI (224) boot: Loaded app from partition at offset 0x10000[0m
[0;32mI (224) boot: Disabling RNG early entropy source...[0m
[0;32mI (235) quad_psram: This chip is ESP32-D0WD[0m
[0;32mI (236) esp_psram: Found 8MB PSRAM device[0m
[0;32mI (236) esp_psram: Speed: 80MHz[0m
[0;32mI (238) esp_psram: PSRAM initialized, cache is in low/high (2-core) mode.[0m
[0;33mW (245) esp_psram: Virtual address not enough for PSRAM, map as much as we can. 4MB is mapped[0m
[0;32mI (254) cpu_start: Multicore app[0m
[0;32mI (725) esp_psram: SPI SRAM memory test OK[0m
[0;32mI (733) cpu_start: Pro cpu start user code[0m
[0;32mI (733) cpu_start: cpu freq: 240000000 Hz[0m
[0;32mI (733) app_init: Application information:[0m
[0;32mI (736) app_init: Project name:     person_detection[0m
[0;32mI (741) app_init: App version:      1[0m
[0;32mI (746) app_init: Compile time:     May 29 2024 14:49:24[0m
[0;32mI (752) app_init: ELF file SHA256:  7e4045b78...[0m
[0;32mI (757) app_init: ESP-IDF:          v5.4-dev-610-g003f3bb5dc[0m
[0;32mI (763) efuse_init: Min chip rev:     v0.0[0m
[0;32mI (768) efuse_init: Max chip rev:     v3.99 [0m
[0;32mI (773) efuse_init: Chip rev:         v3.1[0m
[0;32mI (778) heap_init: Initializing. RAM available for dynamic allocation:[0m
[0;32mI (785) heap_init: At 3FFAE6E0 len 00001920 (6 KiB): DRAM[0m
[0;32mI (791) heap_init: At 3FFB3090 len 0002CF70 (179 KiB): DRAM[0m
[0;32mI (797) heap_init: At 3FFE0440 len 00003AE0 (14 KiB): D/IRAM[0m
[0;32mI (804) heap_init: At 3FFE4350 len 0001BCB0 (111 KiB): D/IRAM[0m
[0;32mI (810) heap_init: At 40090310 len 0000FCF0 (63 KiB): IRAM[0m
[0;32mI (817) esp_psram: Adding pool of 4096K of PSRAM memory to heap allocator[0m
[0;32mI (824) spi_flash: detected chip: generic[0m
[0;32mI (829) spi_flash: flash io: qio[0m
[0;32mI (833) main_task: Started on CPU0[0m
[0;32mI (843) main_task: Calling app_main()[0m

abort() was called at PC 0x400e4cc8 on core 0


Backtrace: 0x40081e59:0x3ffb6670 0x40088f81:0x3ffb6690 0x4008eb21:0x3ffb66b0 0x400e4cc8:0x3ffb6720 0x400e6dce:0x3ffb6740 0x400e327a:0x3ffb67b0 0x400dd1c7:0x3ffb67f0 0x400dcc9c:0x3ffb6820 0x400d98c3:0x3ffb6850 0x400d93bf:0x3ffb68a0




ELF file SHA256: 7e4045b78

Rebooting...
ets Jul 29 2019 12:21:46

rst:0xc (SW_CPU_RESET),boot:0x13 (SPI_FAST_FLASH_BOOT)
configsip: 0, SPIWP:0xee
clk_drv:0x00,q_drv:0x00,d_drv:0x00,cs0_drv:0x00,hd_drv:0x00,wp_drv:0x00
mode:DIO, clock div:1
load:0x3fff0030,len:7524
load:0x40078000,len:16552
load:0x40080400,len:4
load:0x40080404,len:4312
entry 0x4008065c
[0;32mI (29) boot: ESP-IDF v5.4-dev-610-g003f3bb5dc 2nd stage bootloader[0m
[0;32mI (29) boot: compile time May 29 2024 14:49:31[0m
[0;32mI (31) boot: Multicore bootloader[0m
[0;32mI (35) boot: chip revision: v3.1[0m
[0;32mI (39) qio_mode: Enabling default flash chip QIO[0m
[0;32mI (44) boot.esp32: SPI Speed      : 80MHz[0m
[0;32mI (49) boot.esp32: SPI Mode       : QIO[0m
[0;32mI (53) boot.esp32: SPI Flash Size : 4MB[0m
[0;32mI (58) boot: Enabling RNG early entropy source...[0m
[0;32mI (63) boot: Partition Table:[0m
[0;32mI (67) boot: ## Label            Usage          Type ST Offset   Length[0m
[0;32mI (74) boot:  0 nvs              WiFi data        01 02 00009000 00006000[0m
[0;32mI (82) boot:  1 phy_init         RF data          01 01 0000f000 00001000[0m
[0;32mI (89) boot:  2 factory          factory app      00 00 00010000 00180000[0m
[0;32mI (97) boot: End of partition table[0m
[0;32mI (101) esp_image: segment 0: paddr=00010020 vaddr=3f400020 size=17a3ch ( 96828) map[0m
[0;32mI (134) esp_image: segment 1: paddr=00027a64 vaddr=3ffb0000 size=022a4h (  8868) load[0m
[0;32mI (137) esp_image: segment 2: paddr=00029d10 vaddr=40080000 size=06308h ( 25352) load[0m
[0;32mI (148) esp_image: segment 3: paddr=00030020 vaddr=400d0020 size=341d4h (213460) map[0m
[0;32mI (203) esp_image: segment 4: paddr=000641fc vaddr=40086308 size=0a008h ( 40968) load[0m
[0;32mI (224) boot: Loaded app from partition at offset 0x10000[0m
[0;32mI (224) boot: Disabling RNG early entropy source...[0m
[0;32mI (235) quad_psram: This chip is ESP32-D0WD[0m
[0;32mI (236) esp_psram: Found 8MB PSRAM device[0m
[0;32mI (236) esp_psram: Speed: 80MHz[0m
[0;32mI (238) esp_psram: PSRAM initialized, cache is in low/high (2-core) mode.[0m
[0;33mW (245) esp_psram: Virtual address not enough for PSRAM, map as much as we can. 4MB is mapped[0m
[0;32mI (254) cpu_start: Multicore app[0m
