ESP-ROM:esp32s3-20210327
Build:Mar 27 2021
rst:0x15 (USB_UART_CHIP_RESET),boot:0x8 (SPI_FAST_FLASH_BOOT)
Saved PC:0x40048df0
SPIWP:0xee
mode:DIO, clock div:1
load:0x3fce2820,len:0x198c
load:0x403c8700,len:0x4
load:0x403c8704,len:0xe5c
load:0x403cb700,len:0x3058
entry 0x403c893c
[0;32mI (26) boot: ESP-IDF v5.4-dev-610-g003f3bb5dc 2nd stage bootloader[0m
[0;32mI (27) boot: compile time May 31 2024 23:03:05[0m
[0;32mI (27) boot: Multicore bootloader[0m
[0;32mI (31) boot: chip revision: v0.2[0m
[0;32mI (35) qio_mode: Enabling QIO for flash chip WinBond[0m
[0;32mI (41) boot.esp32s3: Boot SPI Speed : 80MHz[0m
[0;32mI (46) boot.esp32s3: SPI Mode       : QIO[0m
[0;32mI (50) boot.esp32s3: SPI Flash Size : 8MB[0m
[0;32mI (55) boot: Enabling RNG early entropy source...[0m
[0;32mI (60) boot: Partition Table:[0m
[0;32mI (64) boot: ## Label            Usage          Type ST Offset   Length[0m
[0;32mI (71) boot:  0 nvs              WiFi data        01 02 00009000 00006000[0m
[0;32mI (79) boot:  1 phy_init         RF data          01 01 0000f000 00001000[0m
[0;32mI (86) boot:  2 factory          factory app      00 00 00010000 00180000[0m
[0;32mI (94) boot: End of partition table[0m
[0;32mI (98) esp_image: segment 0: paddr=00010020 vaddr=3c040020 size=2f6e0h (194272) map[0m
[0;32mI (136) esp_image: segment 1: paddr=0003f708 vaddr=3fc93600 size=00910h (  2320) load[0m
[0;32mI (137) esp_image: segment 2: paddr=00040020 vaddr=42000020 size=392d4h (234196) map[0m
[0;32mI (177) esp_image: segment 3: paddr=000792fc vaddr=3fc93f10 size=024f8h (  9464) load[0m
[0;32mI (179) esp_image: segment 4: paddr=0007b7fc vaddr=40374000 size=0f508h ( 62728) load[0m
[0;32mI (201) boot: Loaded app from partition at offset 0x10000[0m
[0;32mI (201) boot: Disabling RNG early entropy source...[0m
[0;33mW (202) boot: after mapping text, starting from paddr=0x00040000 and vaddr=0x42000000, 0x40000 bytes are mapped[0m
[0;32mI (224) octal_psram: vendor id    : 0x0d (AP)[0m
[0;32mI (224) octal_psram: dev id       : 0x02 (generation 3)[0m
[0;32mI (224) octal_psram: density      : 0x03 (64 Mbit)[0m
[0;32mI (229) octal_psram: good-die     : 0x01 (Pass)[0m
[0;32mI (234) octal_psram: Latency      : 0x01 (Fixed)[0m
[0;32mI (239) octal_psram: VCC          : 0x01 (3V)[0m
[0;32mI (244) octal_psram: SRF          : 0x01 (Fast Refresh)[0m
[0;32mI (250) octal_psram: BurstType    : 0x01 (Hybrid Wrap)[0m
[0;32mI (256) octal_psram: BurstLen     : 0x01 (32 Byte)[0m
[0;32mI (261) octal_psram: Readlatency  : 0x02 (10 cycles@Fixed)[0m
[0;32mI (268) octal_psram: DriveStrength: 0x00 (1/1)[0m
[0;32mI (273) MSPI Timing: PSRAM timing tuning index: 4[0m
[0;32mI (278) esp_psram: Found 8MB PSRAM device[0m
[0;32mI (283) esp_psram: Speed: 80MHz[0m
[0;32mI (287) cpu_start: Multicore app[0m
[0;32mI (573) esp_psram: SPI SRAM memory test OK[0m
[0;32mI (581) cpu_start: Pro cpu start user code[0m
[0;32mI (581) cpu_start: cpu freq: 240000000 Hz[0m
[0;32mI (582) app_init: Application information:[0m
[0;32mI (584) app_init: Project name:     person_detection[0m
[0;32mI (590) app_init: App version:      886155a-dirty[0m
[0;32mI (595) app_init: Compile time:     May 31 2024 23:02:57[0m
[0;32mI (601) app_init: ELF file SHA256:  3c3373b00...[0m
[0;32mI (607) app_init: ESP-IDF:          v5.4-dev-610-g003f3bb5dc[0m
[0;32mI (613) efuse_init: Min chip rev:     v0.0[0m
[0;32mI (618) efuse_init: Max chip rev:     v0.99 [0m
[0;32mI (623) efuse_init: Chip rev:         v0.2[0m
[0;32mI (628) heap_init: Initializing. RAM available for dynamic allocation:[0m
[0;32mI (635) heap_init: At 3FC971F8 len 00052518 (329 KiB): RAM[0m
[0;32mI (641) heap_init: At 3FCE9710 len 00005724 (21 KiB): RAM[0m
[0;32mI (647) heap_init: At 600FE100 len 00001EE8 (7 KiB): RTCRAM[0m
[0;32mI (653) esp_psram: Adding pool of 8192K of PSRAM memory to heap allocator[0m
[0;32mI (661) spi_flash: detected chip: winbond[0m
[0;32mI (665) spi_flash: flash io: qio[0m
[0;33mW (669) spi_flash: Detected size(16384k) larger than the size in the binary image header(8192k). Using the size in the binary image header.[0m
[0;32mI (682) sleep: Configure to isolate all GPIO pins in sleep state[0m
[0;32mI (689) sleep: Enable automatic switching of GPIO sleep configuration[0m
[0;32mI (697) main_task: Started on CPU0[0m
[0;32mI (707) main_task: Calling app_main()[0m
[0;32mI (707) [esp_cli]: Registering command: mem-dump[0m
[0;32mI (707) [esp_cli]: Registering command: task-dump[0m
[0;32mI (717) [esp_cli]: Registering command: cpu-dump[0m
[0;32mI (717) [esp_cli]: Registering command: detect_image[0m
[5n
Type 'help' to get the list of commands.
Use UP/DOWN arrows to navigate through command history.
Press TAB when typing command name to auto-complete.

Your terminal application does not support escape sequences.

Line editing and history features are disabled.

On Windows, try using Putty instead.
esp> 
Type 'help' to get the list of commands.
Use UP/DOWN arrows to navigate through command history.
Press TAB when typing command name to auto-complete.

Your terminal application does not support escape sequences.

Line editing and history features are disabled.

On Windows, try using Putty instead.
esp> ï¿½Mï¿½(!ï¿½sH!M^@pï¿½ï¿½ï¿½bb4ï¿½ï¿½V8>8ï¿½,n7